
Access Summary
==============================================================
  Principal                 Action               Bucket                 Decision
  ───────────────────────── ──────────────────── ────────────────────── ────────────────────
  restricted_role           s3:DeleteObject      secure_bucket          DENY at Layer 6
  restricted_role           s3:GetObject         secure_bucket          ALLOW
  restricted_role           s3:ListBucket        secure_bucket          DENY at Layer 6
  restricted_role           s3:PutObject         secure_bucket          DENY at Layer 6


Access Analysis Report
==============================================================

Query: can "restricted_role" perform s3:DeleteObject on "secure_bucket"?
──────────────────────────────────────────────────────────────
  Layer 1 — Deny Evaluation:             PASS
  Layer 2 — RCP:                         PASS
  Layer 3 — SCP:                         PASS
  Layer 4 — Resource Policy:             PASS
  Layer 5 — Identity Policy:             PASS
  Layer 6 — Permission Boundary:         DENY
  Layer 7 — Session Policy:              PASS

  Result: DENY at Layer 6


Query: can "restricted_role" perform s3:GetObject on "secure_bucket"?
──────────────────────────────────────────────────────────────
  Layer 1 — Deny Evaluation:             PASS
  Layer 2 — RCP:                         PASS
  Layer 3 — SCP:                         PASS
  Layer 4 — Resource Policy:             PASS
  Layer 5 — Identity Policy:             PASS
  Layer 6 — Permission Boundary:         PASS
  Layer 7 — Session Policy:              PASS

  Result: ALLOW


Query: can "restricted_role" perform s3:ListBucket on "secure_bucket"?
──────────────────────────────────────────────────────────────
  Layer 1 — Deny Evaluation:             PASS
  Layer 2 — RCP:                         PASS
  Layer 3 — SCP:                         PASS
  Layer 4 — Resource Policy:             PASS
  Layer 5 — Identity Policy:             PASS
  Layer 6 — Permission Boundary:         DENY
  Layer 7 — Session Policy:              PASS

  Result: DENY at Layer 6


Query: can "restricted_role" perform s3:PutObject on "secure_bucket"?
──────────────────────────────────────────────────────────────
  Layer 1 — Deny Evaluation:             PASS
  Layer 2 — RCP:                         PASS
  Layer 3 — SCP:                         PASS
  Layer 4 — Resource Policy:             PASS
  Layer 5 — Identity Policy:             PASS
  Layer 6 — Permission Boundary:         DENY
  Layer 7 — Session Policy:              PASS

  Result: DENY at Layer 6

